src/App.jsx(39,17): error TS7031: Binding element 'cityName' implicitly has an 'any' type.
src/App.jsx(56,3): error TS7031: Binding element 'selectedCity' implicitly has an 'any' type.
src/App.jsx(57,3): error TS7031: Binding element 'onCityChange' implicitly has an 'any' type.
src/App.jsx(58,3): error TS7031: Binding element 'isRefreshing' implicitly has an 'any' type.
src/App.jsx(59,3): error TS7031: Binding element 'refreshCountdown' implicitly has an 'any' type.
src/App.jsx(60,3): error TS7031: Binding element 'lastUpdated' implicitly has an 'any' type.
src/App.jsx(120,23): error TS7031: Binding element 'activeSection' implicitly has an 'any' type.
src/App.jsx(120,38): error TS7031: Binding element 'onSectionChange' implicitly has an 'any' type.
src/App.jsx(120,55): error TS7031: Binding element 'theme' implicitly has an 'any' type.
src/App.jsx(142,22): error TS7006: Parameter 'e' implicitly has an 'any' type.
src/App.jsx(155,33): error TS7006: Parameter 'event' implicitly has an 'any' type.
src/App.jsx(156,47): error TS2339: Property 'contains' does not exist on type 'never'.
src/App.jsx(161,28): error TS7006: Parameter 'event' implicitly has an 'any' type.
src/App.jsx(177,31): error TS7006: Parameter 'id' implicitly has an 'any' type.
src/App.jsx(343,28): error TS2345: Argument of type 'string | null' is not assignable to parameter of type 'string'.
  Type 'null' is not assignable to type 'string'.
src/App.jsx(344,28): error TS2345: Argument of type 'string | null' is not assignable to parameter of type 'string'.
  Type 'null' is not assignable to type 'string'.
src/App.jsx(353,26): error TS7006: Parameter 'name' implicitly has an 'any' type.
src/App.jsx(353,32): error TS7006: Parameter 'lat' implicitly has an 'any' type.
src/App.jsx(353,37): error TS7006: Parameter 'lon' implicitly has an 'any' type.
src/App.jsx(415,57): error TS2339: Property 'message' does not exist on type 'never'.
src/App.jsx(492,35): error TS7006: Parameter 'location' implicitly has an 'any' type.
src/App.jsx(672,16): error TS2741: Property 'isFallback' is missing in type '{ cityName: any; current: any; trend: any; cityComparisons: any; timeRange: number; onTimeRangeChange: Dispatch<SetStateAction<number>>; lastUpdated: string; isRefreshing: boolean; confidenceScore: any; dataCompleteness: any; }' but required in type '{ cityComparisons: any; cityName: any; confidenceScore: any; current: any; dataCompleteness: any; isFallback: any; isRefreshing: any; lastUpdated: any; onTimeRangeChange: any; timeRange: any; trend: any; }'.
src/App.jsx(696,17): error TS2322: Type '{ cityName: any; current: any; confidenceScore: any; dataCompleteness: any; exposureEstimate: { message: string; estimated: boolean; } | null; }' is not assignable to type 'IntrinsicAttributes & { cityName: any; confidenceScore: any; current: any; exposureEstimate: any; }'.
  Property 'dataCompleteness' does not exist on type 'IntrinsicAttributes & { cityName: any; confidenceScore: any; current: any; exposureEstimate: any; }'.
src/components/AlertsPanel.jsx(4,24): error TS7006: Parameter 'current' implicitly has an 'any' type.
src/components/AlertsPanel.jsx(14,39): error TS7031: Binding element 'cityName' implicitly has an 'any' type.
src/components/AlertsPanel.jsx(14,49): error TS7031: Binding element 'current' implicitly has an 'any' type.
src/components/AlertsPanel.jsx(14,58): error TS7031: Binding element 'confidenceScore' implicitly has an 'any' type.
src/components/AlertsPanel.jsx(14,76): error TS7031: Binding element 'exposureEstimate' implicitly has an 'any' type.
src/components/AnalyticsInsights.jsx(3,45): error TS7031: Binding element 'analytics' implicitly has an 'any' type.
src/components/AnalyticsInsights.jsx(3,56): error TS7031: Binding element 'trend' implicitly has an 'any' type.
src/components/AnalyticsInsights.jsx(3,63): error TS7031: Binding element 'timeRange' implicitly has an 'any' type.
src/components/AnalyticsInsights.jsx(4,54): error TS7006: Parameter 'item' implicitly has an 'any' type.
src/components/AnalyticsInsights.jsx(4,60): error TS7006: Parameter 'index' implicitly has an 'any' type.
src/components/AqiMissionGame.jsx(5,42): error TS7031: Binding element 'current' implicitly has an 'any' type.
src/components/AqiMissionGame.jsx(33,9): error TS2353: Object literal may only specify known properties, and 'pm2_5' does not exist in type '{ us_aqi: number; }'.
src/components/AqiMissionGame.jsx(45,23): error TS2339: Property 'pm2_5' does not exist on type '{ us_aqi: number; }'.
src/components/AqiMissionGame.jsx(46,23): error TS2339: Property 'pm10' does not exist on type '{ us_aqi: number; }'.
src/components/AqiMissionGame.jsx(47,23): error TS2339: Property 'nitrogen_dioxide' does not exist on type '{ us_aqi: number; }'.
src/components/AqiMissionGame.jsx(48,23): error TS2339: Property 'ozone' does not exist on type '{ us_aqi: number; }'.
src/components/AqiMissionGame.jsx(49,23): error TS2339: Property 'carbon_monoxide' does not exist on type '{ us_aqi: number; }'.
src/components/AqiMissionGame.jsx(54,26): error TS2345: Argument of type '{ us_aqi: number; }' is not assignable to parameter of type 'SetStateAction<null>'.
  Type '{ us_aqi: number; }' provides no match for the signature '(prevState: null): null'.
src/components/AqiMissionGame.jsx(87,31): error TS7006: Parameter 'actionId' implicitly has an 'any' type.
src/components/AqiMissionGame.jsx(90,24): error TS2345: Argument of type '(prev: never[]) => any[]' is not assignable to parameter of type 'SetStateAction<never[]>'.
  Type '(prev: never[]) => any[]' is not assignable to type '(prevState: never[]) => never[]'.
    Type 'any[]' is not assignable to type 'never[]'.
      Type 'any' is not assignable to type 'never'.
src/components/AqiMissionGame.jsx(91,25): error TS2345: Argument of type 'any' is not assignable to parameter of type 'never'.
src/components/AqiMissionGame.jsx(107,35): error TS2339: Property 'pm2_5' does not exist on type 'never'.
src/components/AqiMissionGame.jsx(108,34): error TS2339: Property 'pm10' does not exist on type 'never'.
src/components/AqiMissionGame.jsx(109,46): error TS2339: Property 'nitrogen_dioxide' does not exist on type 'never'.
src/components/AqiMissionGame.jsx(110,35): error TS2339: Property 'ozone' does not exist on type 'never'.
src/components/AqiMissionGame.jsx(111,45): error TS2339: Property 'carbon_monoxide' does not exist on type 'never'.
src/components/AqiMissionGame.jsx(158,7): error TS2353: Object literal may only specify known properties, and 'success' does not exist in type '(prevState: null) => null'.
src/components/AqiMissionGame.jsx(322,63): error TS2345: Argument of type 'string' is not assignable to parameter of type 'never'.
src/components/AqiMissionGame.jsx(405,46): error TS2339: Property 'pm2_5' does not exist on type 'never'.
src/components/AqiMissionGame.jsx(407,38): error TS18048: 'currentSimResults.pollutants.pm2_5' is possibly 'undefined'.
src/components/AqiMissionGame.jsx(407,93): error TS2339: Property 'pm2_5' does not exist on type 'never'.
src/components/AqiMissionGame.jsx(413,46): error TS2339: Property 'pm10' does not exist on type 'never'.
src/components/AqiMissionGame.jsx(415,38): error TS18048: 'currentSimResults.pollutants.pm10' is possibly 'undefined'.
src/components/AqiMissionGame.jsx(415,92): error TS2339: Property 'pm10' does not exist on type 'never'.
src/components/AqiMissionGame.jsx(421,46): error TS2339: Property 'nitrogen_dioxide' does not exist on type 'never'.
src/components/AqiMissionGame.jsx(423,38): error TS18048: 'currentSimResults.pollutants.nitrogen_dioxide' is possibly 'undefined'.
src/components/AqiMissionGame.jsx(423,104): error TS2339: Property 'nitrogen_dioxide' does not exist on type 'never'.
src/components/AqiMissionGame.jsx(429,46): error TS2339: Property 'ozone' does not exist on type 'never'.
src/components/AqiMissionGame.jsx(431,38): error TS18048: 'currentSimResults.pollutants.ozone' is possibly 'undefined'.
src/components/AqiMissionGame.jsx(431,93): error TS2339: Property 'ozone' does not exist on type 'never'.
src/components/AqiMissionGame.jsx(437,46): error TS2339: Property 'carbon_monoxide' does not exist on type 'never'.
src/components/AqiMissionGame.jsx(439,38): error TS18048: 'currentSimResults.pollutants.carbon_monoxide' is possibly 'undefined'.
src/components/AqiMissionGame.jsx(439,103): error TS2339: Property 'carbon_monoxide' does not exist on type 'never'.
src/components/AqiMissionGame.jsx(472,56): error TS2339: Property 'success' does not exist on type 'never'.
src/components/AqiMissionGame.jsx(473,57): error TS2339: Property 'success' does not exist on type 'never'.
src/components/AqiMissionGame.jsx(474,29): error TS2339: Property 'success' does not exist on type 'never'.
src/components/AqiMissionGame.jsx(476,27): error TS2339: Property 'success' does not exist on type 'never'.
src/components/AqiMissionGame.jsx(477,103): error TS2339: Property 'improvement' does not exist on type 'never'.
src/components/AqiMissionGame.jsx(478,30): error TS2339: Property 'isTimeout' does not exist on type 'never'.
src/components/AqiMissionGame.jsx(480,103): error TS2339: Property 'improvement' does not exist on type 'never'.
src/components/AqiMissionGame.jsx(487,85): error TS2339: Property 'startingAqi' does not exist on type 'never'.
src/components/AqiMissionGame.jsx(488,29): error TS2339: Property 'startingAqi' does not exist on type 'never'.
src/components/AqiMissionGame.jsx(490,84): error TS2339: Property 'startingAqi' does not exist on type 'never'.
src/components/AqiMissionGame.jsx(491,40): error TS2339: Property 'startingAqi' does not exist on type 'never'.
src/components/AqiMissionGame.jsx(497,62): error TS2339: Property 'improvement' does not exist on type 'never'.
src/components/AqiMissionGame.jsx(502,85): error TS2339: Property 'finalAqi' does not exist on type 'never'.
src/components/AqiMissionGame.jsx(503,29): error TS2339: Property 'finalAqi' does not exist on type 'never'.
src/components/AqiMissionGame.jsx(505,84): error TS2339: Property 'finalAqi' does not exist on type 'never'.
src/components/AqiMissionGame.jsx(506,40): error TS2339: Property 'finalAqi' does not exist on type 'never'.
src/components/AqiMissionGame.jsx(513,25): error TS2339: Property 'deployedActions' does not exist on type 'never'.
src/components/AqiMissionGame.jsx(517,29): error TS2339: Property 'deployedActions' does not exist on type 'never'.
src/components/AqiMissionGame.jsx(517,50): error TS7006: Parameter 'actionId' implicitly has an 'any' type.
src/components/CalendarHeatmap.jsx(26,33): error TS7006: Parameter 'weeks' implicitly has an 'any' type.
src/components/CalendarHeatmap.jsx(34,33): error TS7006: Parameter 'd' implicitly has an 'any' type.
src/components/CalendarHeatmap.jsx(55,43): error TS7031: Binding element 'data' implicitly has an 'any' type.
src/components/CalendarHeatmap.jsx(90,33): error TS7006: Parameter 'e' implicitly has an 'any' type.
src/components/CalendarHeatmap.jsx(90,36): error TS7006: Parameter 'day' implicitly has an 'any' type.
src/components/CalendarHeatmap.jsx(90,41): error TS7006: Parameter 'aqiBand' implicitly has an 'any' type.
src/components/CalendarHeatmap.jsx(93,7): error TS2353: Object literal may only specify known properties, and 'date' does not exist in type '(prevState: null) => null'.
src/components/CalendarHeatmap.jsx(191,29): error TS2339: Property 'rect' does not exist on type 'never'.
src/components/CalendarHeatmap.jsx(192,36): error TS2339: Property 'rect' does not exist on type 'never'.
src/components/CalendarHeatmap.jsx(192,61): error TS2339: Property 'rect' does not exist on type 'never'.
src/components/CalendarHeatmap.jsx(193,36): error TS2339: Property 'rect' does not exist on type 'never'.
src/components/CalendarHeatmap.jsx(198,31): error TS2339: Property 'rect' does not exist on type 'never'.
src/components/CalendarHeatmap.jsx(198,57): error TS2339: Property 'rect' does not exist on type 'never'.
src/components/CalendarHeatmap.jsx(202,29): error TS2339: Property 'rect' does not exist on type 'never'.
src/components/CalendarHeatmap.jsx(209,65): error TS2339: Property 'date' does not exist on type 'never'.
src/components/CalendarHeatmap.jsx(213,55): error TS2339: Property 'color' does not exist on type 'never'.
src/components/CalendarHeatmap.jsx(215,34): error TS2339: Property 'maxAqi' does not exist on type 'never'.
src/components/CalendarHeatmap.jsx(217,69): error TS2339: Property 'label' does not exist on type 'never'.
src/components/CommunityHub.jsx(26,7): error TS18047: 'ctx' is possibly 'null'.
src/components/CommunityHub.jsx(76,11): error TS18046: 'e' is of type 'unknown'.
src/components/CommunityHub.jsx(76,46): error TS18046: 'e' is of type 'unknown'.
src/components/CommunityHub.jsx(81,18): error TS2362: The left-hand side of an arithmetic operation must be of type 'any', 'number', 'bigint' or an enum type.
src/components/CommunityHub.jsx(81,42): error TS2363: The right-hand side of an arithmetic operation must be of type 'any', 'number', 'bigint' or an enum type.
src/components/CommunityHub.jsx(108,21): error TS7006: Parameter 'event' implicitly has an 'any' type.
src/components/CommunityHub.jsx(124,17): error TS7006: Parameter 'prev' implicitly has an 'any' type.
src/components/CommunityHub.jsx(129,30): error TS7006: Parameter 'event' implicitly has an 'any' type.
src/components/CommunityHub.jsx(159,17): error TS7006: Parameter 'id' implicitly has an 'any' type.
src/components/CommunityHub.jsx(162,17): error TS7006: Parameter 'prev' implicitly has an 'any' type.
src/components/CommunityHub.jsx(163,17): error TS7006: Parameter 'report' implicitly has an 'any' type.
src/components/CommunityHub.jsx(168,28): error TS2362: The left-hand side of an arithmetic operation must be of type 'any', 'number', 'bigint' or an enum type.
src/components/CommunityHub.jsx(168,41): error TS2363: The right-hand side of an arithmetic operation must be of type 'any', 'number', 'bigint' or an enum type.
src/components/CommunityHub.jsx(193,43): error TS7006: Parameter 'report' implicitly has an 'any' type.
src/components/CommunityHub.jsx(244,32): error TS7006: Parameter 'report' implicitly has an 'any' type.
src/components/Commute.jsx(10,8): error TS2882: Cannot find module or type declarations for side-effect import of 'leaflet/dist/leaflet.css'.
src/components/Commute.jsx(11,15): error TS7016: Could not find a declaration file for module 'leaflet'. 'C:/Users/Rathod milan/.gemini/antigravity-ide/scratch/Pollution-Control-Hub/node_modules/leaflet/dist/leaflet-src.js' implicitly has an 'any' type.
  Try `npm i --save-dev @types/leaflet` if it exists or add a new declaration (.d.ts) file containing `declare module 'leaflet';`
src/components/Commute.jsx(14,27): error TS2307: Cannot find module 'leaflet/dist/images/marker-icon.png' or its corresponding type declarations.
src/components/Commute.jsx(15,29): error TS2307: Cannot find module 'leaflet/dist/images/marker-icon-2x.png' or its corresponding type declarations.
src/components/Commute.jsx(16,29): error TS2307: Cannot find module 'leaflet/dist/images/marker-shadow.png' or its corresponding type declarations.
src/components/Commute.jsx(90,36): error TS7006: Parameter 'e' implicitly has an 'any' type.
src/components/Commute.jsx(97,52): error TS7006: Parameter 'coord' implicitly has an 'any' type.
src/components/Commute.jsx(105,9): error TS2353: Object literal may only specify known properties, and 'distance' does not exist in type '(prevState: null) => null'.
src/components/Commute.jsx(188,49): error TS2339: Property 'distance' does not exist on type 'never'.
src/components/Commute.jsx(191,50): error TS2339: Property 'pm25' does not exist on type 'never'.
src/components/Commute.jsx(200,15): error TS2322: Type '{ key: string; center: number[]; zoom: number; style: { height: string; width: string; }; children: (Element | null)[]; }' is not assignable to type 'IntrinsicAttributes & MapContainerProps & RefAttributes<LeafletMap>'.
  Property 'center' does not exist on type 'IntrinsicAttributes & MapContainerProps & RefAttributes<LeafletMap>'.
src/components/Commute.jsx(206,17): error TS2322: Type '{ url: string; attribution: string; }' is not assignable to type 'IntrinsicAttributes & TileLayerProps & RefAttributes<LeafletTileLayer>'.
  Property 'attribution' does not exist on type 'IntrinsicAttributes & TileLayerProps & RefAttributes<LeafletTileLayer>'.
src/components/Commute.jsx(210,51): error TS2322: Type '{ position: never; icon: any; children: Element; }' is not assignable to type 'IntrinsicAttributes & MarkerProps & RefAttributes<LeafletMarker<any>>'.
  Property 'icon' does not exist on type 'IntrinsicAttributes & MarkerProps & RefAttributes<LeafletMarker<any>>'.
src/components/Commute.jsx(217,51): error TS2339: Property 'length' does not exist on type 'never'.
src/components/Commute.jsx(218,21): error TS2322: Type '{ position: never; icon: any; children: Element; }' is not assignable to type 'IntrinsicAttributes & MarkerProps & RefAttributes<LeafletMarker<any>>'.
  Property 'icon' does not exist on type 'IntrinsicAttributes & MarkerProps & RefAttributes<LeafletMarker<any>>'.
src/components/Commute.jsx(227,21): error TS2322: Type '{ positions: never; color: string; weight: number; opacity: number; }' is not assignable to type 'IntrinsicAttributes & PolylineProps & RefAttributes<LeafletPolyline<any, any>>'.
  Property 'color' does not exist on type 'IntrinsicAttributes & PolylineProps & RefAttributes<LeafletPolyline<any, any>>'.
src/components/Dashboard.jsx(21,25): error TS7006: Parameter 'isoTime' implicitly has an 'any' type.
src/components/Dashboard.jsx(25,26): error TS7031: Binding element 'active' implicitly has an 'any' type.
src/components/Dashboard.jsx(25,34): error TS7031: Binding element 'payload' implicitly has an 'any' type.
src/components/Dashboard.jsx(56,3): error TS7031: Binding element 'cityName' implicitly has an 'any' type.
src/components/Dashboard.jsx(57,3): error TS7031: Binding element 'current' implicitly has an 'any' type.
src/components/Dashboard.jsx(58,3): error TS7031: Binding element 'trend' implicitly has an 'any' type.
src/components/Dashboard.jsx(59,3): error TS7031: Binding element 'cityComparisons' implicitly has an 'any' type.
src/components/Dashboard.jsx(60,3): error TS7031: Binding element 'timeRange' implicitly has an 'any' type.
src/components/Dashboard.jsx(61,3): error TS7031: Binding element 'onTimeRangeChange' implicitly has an 'any' type.
src/components/Dashboard.jsx(62,3): error TS7031: Binding element 'lastUpdated' implicitly has an 'any' type.
src/components/Dashboard.jsx(63,3): error TS7031: Binding element 'isRefreshing' implicitly has an 'any' type.
src/components/Dashboard.jsx(64,3): error TS7031: Binding element 'confidenceScore' implicitly has an 'any' type.
src/components/Dashboard.jsx(65,3): error TS7031: Binding element 'dataCompleteness' implicitly has an 'any' type.
src/components/Dashboard.jsx(66,3): error TS7031: Binding element 'isFallback' implicitly has an 'any' type.
src/components/Dashboard.jsx(123,50): error TS7006: Parameter 'item' implicitly has an 'any' type.
src/components/Dashboard.jsx(142,42): error TS7006: Parameter 'sum' implicitly has an 'any' type.
src/components/Dashboard.jsx(142,47): error TS7006: Parameter 'item' implicitly has an 'any' type.
src/components/Dashboard.jsx(143,46): error TS7006: Parameter 'sum' implicitly has an 'any' type.
src/components/Dashboard.jsx(143,51): error TS7006: Parameter 'item' implicitly has an 'any' type.
src/components/Dashboard.jsx(253,36): error TS2739: Type '{}' is missing the following properties from type '{ active: any; payload: any; }': active, payload
src/components/Dashboard.jsx(303,54): error TS7006: Parameter 'c' implicitly has an 'any' type.
src/components/Dashboard.jsx(303,57): error TS7006: Parameter 'i' implicitly has an 'any' type.
src/components/ErrorBoundary.jsx(4,15): error TS7006: Parameter 'props' implicitly has an 'any' type.
src/components/ErrorBoundary.jsx(9,35): error TS7006: Parameter 'error' implicitly has an 'any' type.
src/components/ErrorBoundary.jsx(13,21): error TS7006: Parameter 'error' implicitly has an 'any' type.
src/components/ErrorBoundary.jsx(13,28): error TS7006: Parameter 'errorInfo' implicitly has an 'any' type.
src/components/ErrorBoundary.jsx(23,79): error TS2339: Property 'message' does not exist on type 'never'.
src/components/HealthAdvisory.jsx(225,18): error TS7053: Element implicitly has an 'any' type because expression of type 'string' can't be used to index type '{ general: { label: string; desc: string; tips: { title: string; detail: string; priority: string; badgeClass: string; icon: Element; }[]; }; sensitive: { label: string; desc: string; tips: { title: string; detail: string; priority: string; badgeClass: string; icon: Element; }[]; }; vulnerable: { ...; }; }'.
  No index signature with a parameter of type 'string' was found on type '{ general: { label: string; desc: string; tips: { title: string; detail: string; priority: string; badgeClass: string; icon: Element; }[]; }; sensitive: { label: string; desc: string; tips: { title: string; detail: string; priority: string; badgeClass: string; icon: Element; }[]; }; vulnerable: { ...; }; }'.
src/components/HealthAdvisory.jsx(231,41): error TS7053: Element implicitly has an 'any' type because expression of type 'string' can't be used to index type '{ general: { label: string; desc: string; tips: { title: string; detail: string; priority: string; badgeClass: string; icon: Element; }[]; }; sensitive: { label: string; desc: string; tips: { title: string; detail: string; priority: string; badgeClass: string; icon: Element; }[]; }; vulnerable: { ...; }; }'.
  No index signature with a parameter of type 'string' was found on type '{ general: { label: string; desc: string; tips: { title: string; detail: string; priority: string; badgeClass: string; icon: Element; }[]; }; sensitive: { label: string; desc: string; tips: { title: string; detail: string; priority: string; badgeClass: string; icon: Element; }[]; }; vulnerable: { ...; }; }'.
src/components/HealthAdvisory.jsx(235,12): error TS7053: Element implicitly has an 'any' type because expression of type 'string' can't be used to index type '{ general: { label: string; desc: string; tips: { title: string; detail: string; priority: string; badgeClass: string; icon: Element; }[]; }; sensitive: { label: string; desc: string; tips: { title: string; detail: string; priority: string; badgeClass: string; icon: Element; }[]; }; vulnerable: { ...; }; }'.
  No index signature with a parameter of type 'string' was found on type '{ general: { label: string; desc: string; tips: { title: string; detail: string; priority: string; badgeClass: string; icon: Element; }[]; }; sensitive: { label: string; desc: string; tips: { title: string; detail: string; priority: string; badgeClass: string; icon: Element; }[]; }; vulnerable: { ...; }; }'.
src/components/HealthAdvisory.jsx(235,43): error TS7006: Parameter 'tip' implicitly has an 'any' type.
src/components/HistoricalAnalysis.jsx(5,46): error TS7031: Binding element 'position' implicitly has an 'any' type.
src/components/HistoricalAnalysis.jsx(14,5): error TS2322: Type 'Worker' is not assignable to type 'null'.
src/components/HistoricalAnalysis.jsx(18,5): error TS18047: 'workerRef.current' is possibly 'null'.
src/components/HistoricalAnalysis.jsx(18,36): error TS7006: Parameter 'e' implicitly has an 'any' type.
src/components/HistoricalAnalysis.jsx(29,26): error TS2339: Property 'terminate' does not exist on type 'never'.
src/components/HistoricalAnalysis.jsx(45,29): error TS2339: Property 'postMessage' does not exist on type 'never'.
src/components/HistoricalAnalysis.jsx(49,20): error TS18046: 'err' is of type 'unknown'.
src/components/HistoricalAnalysis.jsx(95,112): error TS2339: Property 'overallAvg' does not exist on type 'never'.
src/components/HistoricalAnalysis.jsx(99,112): error TS2339: Property 'daily' does not exist on type 'never'.
src/components/HistoricalAnalysis.jsx(105,37): error TS2339: Property 'daily' does not exist on type 'never'.
src/components/HotspotScoutGame.jsx(4,29): error TS7031: Binding element 'nearbyPoints' implicitly has an 'any' type.
src/components/HotspotScoutGame.jsx(14,14): error TS2345: Argument of type 'any[]' is not assignable to parameter of type 'SetStateAction<never[]>'.
  Type 'any[]' is not assignable to type 'never[]'.
    Type 'any' is not assignable to type 'never'.
src/components/HotspotScoutGame.jsx(23,25): error TS7006: Parameter 'spot' implicitly has an 'any' type.
src/components/HotspotScoutGame.jsx(53,19): error TS2339: Property 'areaName' does not exist on type 'never'.
src/components/HotspotScoutGame.jsx(60,42): error TS2339: Property 'name' does not exist on type 'never'.
src/components/HotspotScoutGame.jsx(60,68): error TS2339: Property 'aqi' does not exist on type 'never'.
src/components/LocationMap.jsx(3,15): error TS7016: Could not find a declaration file for module 'leaflet'. 'C:/Users/Rathod milan/.gemini/antigravity-ide/scratch/Pollution-Control-Hub/node_modules/leaflet/dist/leaflet-src.js' implicitly has an 'any' type.
  Try `npm i --save-dev @types/leaflet` if it exists or add a new declaration (.d.ts) file containing `declare module 'leaflet';`
src/components/LocationMap.jsx(5,39): error TS7031: Binding element 'center' implicitly has an 'any' type.
src/components/LocationMap.jsx(5,47): error TS7031: Binding element 'nearbyPoints' implicitly has an 'any' type.
src/components/LocationMap.jsx(5,61): error TS7031: Binding element 'confidenceScore' implicitly has an 'any' type.
src/components/LocationMap.jsx(5,78): error TS7031: Binding element 'windData' implicitly has an 'any' type.
src/components/LocationMap.jsx(8,33): error TS7006: Parameter 'degrees' implicitly has an 'any' type.
src/components/LocationMap.jsx(54,23): error TS2322: Type '{ center: any[]; zoom: number; scrollWheelZoom: boolean; className: string; children: any[]; }' is not assignable to type 'IntrinsicAttributes & MapContainerProps & RefAttributes<LeafletMap>'.
  Property 'center' does not exist on type 'IntrinsicAttributes & MapContainerProps & RefAttributes<LeafletMap>'.
src/components/LocationMap.jsx(56,13): error TS2322: Type '{ attribution: string; url: string; }' is not assignable to type 'IntrinsicAttributes & TileLayerProps & RefAttributes<LeafletTileLayer>'.
  Property 'attribution' does not exist on type 'IntrinsicAttributes & TileLayerProps & RefAttributes<LeafletTileLayer>'.
src/components/LocationMap.jsx(60,30): error TS7006: Parameter 'point' implicitly has an 'any' type.
src/components/LocationMap.jsx(64,15): error TS2322: Type '{ key: any; center: any[]; radius: number; pathOptions: { color: string; fillOpacity: number; }; children: Element; }' is not assignable to type 'IntrinsicAttributes & CircleMarkerProps & RefAttributes<LeafletCircleMarker<any>>'.
  Property 'radius' does not exist on type 'IntrinsicAttributes & CircleMarkerProps & RefAttributes<LeafletCircleMarker<any>>'.
src/components/LocationMap.jsx(78,59): error TS2322: Type '{ position: any[]; icon: any; }' is not assignable to type 'IntrinsicAttributes & MarkerProps & RefAttributes<LeafletMarker<any>>'.
  Property 'icon' does not exist on type 'IntrinsicAttributes & MarkerProps & RefAttributes<LeafletMarker<any>>'.
src/components/LocationMap.jsx(79,34): error TS7006: Parameter 'point' implicitly has an 'any' type.
src/components/LocationMap.jsx(80,84): error TS2322: Type '{ key: string; position: any[]; icon: any; }' is not assignable to type 'IntrinsicAttributes & MarkerProps & RefAttributes<LeafletMarker<any>>'.
  Property 'icon' does not exist on type 'IntrinsicAttributes & MarkerProps & RefAttributes<LeafletMarker<any>>'.
src/components/LocationMap.jsx(105,20): error TS7006: Parameter 'a' implicitly has an 'any' type.
src/components/LocationMap.jsx(105,23): error TS7006: Parameter 'b' implicitly has an 'any' type.
src/components/LocationMap.jsx(107,19): error TS7006: Parameter 'point' implicitly has an 'any' type.
src/components/LocationSearch.jsx(7,42): error TS7031: Binding element 'onLocationSelected' implicitly has an 'any' type.
src/components/LocationSearch.jsx(7,62): error TS7031: Binding element 'initialCityName' implicitly has an 'any' type.
src/components/LocationSearch.jsx(40,33): error TS7006: Parameter 'event' implicitly has an 'any' type.
src/components/LocationSearch.jsx(41,53): error TS2339: Property 'contains' does not exist on type 'never'.
src/components/LocationSearch.jsx(49,29): error TS7006: Parameter 'location' implicitly has an 'any' type.
src/components/LocationSearch.jsx(50,64): error TS2339: Property 'id' does not exist on type 'never'.
src/components/LocationSearch.jsx(51,21): error TS2345: Argument of type 'any[]' is not assignable to parameter of type 'SetStateAction<never[]>'.
  Type 'any[]' is not assignable to type 'never[]'.
    Type 'any' is not assignable to type 'never'.
src/components/LocationSearch.jsx(59,25): error TS7006: Parameter 'location' implicitly has an 'any' type.
src/components/LocationSearch.jsx(68,28): error TS7006: Parameter 'e' implicitly has an 'any' type.
src/components/LocationSearch.jsx(86,3): error TS2322: Type 'number' is not assignable to type 'null'.
src/components/LocationSearch.jsx(98,26): error TS7006: Parameter 'e' implicitly has an 'any' type.
src/components/LocationSearch.jsx(99,11): error TS7005: Variable 'items' implicitly has an 'any[]' type.
src/components/LocationSearch.jsx(148,39): error TS2339: Property 'id' does not exist on type 'never'.
src/components/LocationSearch.jsx(158,31): error TS2339: Property 'displayName' does not exist on type 'never'.
src/components/LocationSearch.jsx(168,40): error TS2339: Property 'id' does not exist on type 'never'.
src/components/LocationSearch.jsx(178,31): error TS2339: Property 'displayName' does not exist on type 'never'.
src/components/MorningBriefing.jsx(3,8): error TS2882: Cannot find module or type declarations for side-effect import of './MorningBriefing.css'.
src/components/MorningBriefing.jsx(5,43): error TS7031: Binding element 'current' implicitly has an 'any' type.
src/components/MorningBriefing.jsx(5,52): error TS7031: Binding element 'trend' implicitly has an 'any' type.
src/components/MorningBriefing.jsx(25,35): error TS2362: The left-hand side of an arithmetic operation must be of type 'any', 'number', 'bigint' or an enum type.
src/components/MorningBriefing.jsx(25,43): error TS2363: The right-hand side of an arithmetic operation must be of type 'any', 'number', 'bigint' or an enum type.
src/components/MorningBriefing.jsx(61,51): error TS7006: Parameter 'sum' implicitly has an 'any' type.
src/components/MorningBriefing.jsx(61,56): error TS7006: Parameter 'item' implicitly has an 'any' type.
src/components/QuizSection.jsx(294,25): error TS7031: Binding element 'onSelectQuiz' implicitly has an 'any' type.
src/components/QuizSection.jsx(312,23): error TS7031: Binding element 'score' implicitly has an 'any' type.
src/components/QuizSection.jsx(312,30): error TS7031: Binding element 'total' implicitly has an 'any' type.
src/components/QuizSection.jsx(312,37): error TS7031: Binding element 'onRestart' implicitly has an 'any' type.
src/components/QuizSection.jsx(333,38): error TS2339: Property 'questions' does not exist on type 'never'.
src/components/QuizSection.jsx(334,35): error TS2339: Property 'questions' does not exist on type 'never'.
src/components/QuizSection.jsx(335,56): error TS2339: Property 'answer' does not exist on type 'never'.
src/components/QuizSection.jsx(339,25): error TS7006: Parameter 'selectedOption' implicitly has an 'any' type.
src/components/QuizSection.jsx(345,28): error TS18047: 'current' is possibly 'null'.
src/components/QuizSection.jsx(383,16): error TS18047: 'quizSet' is possibly 'null'.
src/components/QuizSection.jsx(395,16): error TS18047: 'quizSet' is possibly 'null'.
src/components/QuizSection.jsx(405,38): error TS18047: 'current' is possibly 'null'.
src/components/QuizSection.jsx(408,10): error TS18047: 'current' is possibly 'null'.
src/components/QuizSection.jsx(408,31): error TS7006: Parameter 'option' implicitly has an 'any' type.
src/components/QuizSection.jsx(411,26): error TS18047: 'current' is possibly 'null'.
src/components/QuizSection.jsx(435,67): error TS18047: 'current' is possibly 'null'.
src/components/QuizSection.jsx(435,87): error TS18047: 'current' is possibly 'null'.
src/components/ScenarioSimulator.jsx(116,45): error TS7031: Binding element 'current' implicitly has an 'any' type.
src/components/ScenarioSimulator.jsx(131,24): error TS7006: Parameter 'preset' implicitly has an 'any' type.
src/components/ScenarioSimulator.jsx(147,23): error TS7006: Parameter 'cityName' implicitly has an 'any' type.
src/components/ScenarioSimulator.jsx(148,23): error TS2345: Argument of type '(prev: never[]) => any[]' is not assignable to parameter of type 'SetStateAction<never[]>'.
  Type '(prev: never[]) => any[]' is not assignable to type '(prevState: never[]) => never[]'.
    Type 'any[]' is not assignable to type 'never[]'.
      Type 'any' is not assignable to type 'never'.
src/components/ScenarioSimulator.jsx(149,25): error TS2345: Argument of type 'any' is not assignable to parameter of type 'never'.
src/components/ScenarioSimulator.jsx(208,25): error TS7006: Parameter 'data' implicitly has an 'any' type.
src/components/ScenarioSimulator.jsx(267,10): error TS2739: Type '{ id: string; label: string; icon: ({ size }: { size?: number | undefined; }) => Element; value: number; onChange: (v: any) => void; current: any; unit: string; }' is missing the following properties from type '{ current: any; emoji: any; icon: any; iconColor: any; id: any; label: any; onChange: any; unit: any; value: any; }': emoji, iconColor
src/components/ScenarioSimulator.jsx(272,22): error TS7006: Parameter 'v' implicitly has an 'any' type.
src/components/ScenarioSimulator.jsx(279,10): error TS2739: Type '{ id: string; label: string; icon: ForwardRefExoticComponent<Omit<LucideProps, "ref"> & RefAttributes<SVGSVGElement>>; value: number; onChange: (v: any) => void; current: any; unit: string; }' is missing the following properties from type '{ current: any; emoji: any; icon: any; iconColor: any; id: any; label: any; onChange: any; unit: any; value: any; }': emoji, iconColor
src/components/ScenarioSimulator.jsx(284,22): error TS7006: Parameter 'v' implicitly has an 'any' type.
src/components/ScenarioSimulator.jsx(291,10): error TS2741: Property 'emoji' is missing in type '{ id: string; label: string; icon: ForwardRefExoticComponent<Omit<LucideProps, "ref"> & RefAttributes<SVGSVGElement>>; ... 4 more ...; unit: string; }' but required in type '{ current: any; emoji: any; icon: any; iconColor: any; id: any; label: any; onChange: any; unit: any; value: any; }'.
src/components/ScenarioSimulator.jsx(297,22): error TS7006: Parameter 'v' implicitly has an 'any' type.
src/components/ScenarioSimulator.jsx(344,66): error TS2345: Argument of type 'string' is not assignable to parameter of type 'never'.
src/components/ScenarioSimulator.jsx(346,53): error TS2345: Argument of type 'string' is not assignable to parameter of type 'never'.
src/components/ScenarioSimulator.jsx(382,46): error TS2339: Property 'us_aqi' does not exist on type 'never'.
src/components/ScenarioSimulator.jsx(401,29): error TS2339: Property 'us_aqi' does not exist on type 'never'.
src/components/ScenarioSimulator.jsx(429,22): error TS2304: Cannot find name 'PollutantRow'.
src/components/ScenarioSimulator.jsx(429,62): error TS2339: Property 'pm2_5' does not exist on type 'never'.
src/components/ScenarioSimulator.jsx(430,22): error TS2304: Cannot find name 'PollutantRow'.
src/components/ScenarioSimulator.jsx(430,60): error TS2339: Property 'nitrogen_dioxide' does not exist on type 'never'.
src/components/ScenarioSimulator.jsx(431,22): error TS2304: Cannot find name 'PollutantRow'.
src/components/ScenarioSimulator.jsx(431,62): error TS2339: Property 'ozone' does not exist on type 'never'.
src/components/ScenarioSimulator.jsx(445,3): error TS7031: Binding element 'id' implicitly has an 'any' type.
src/components/ScenarioSimulator.jsx(446,3): error TS7031: Binding element 'label' implicitly has an 'any' type.
src/components/ScenarioSimulator.jsx(447,3): error TS7031: Binding element 'emoji' implicitly has an 'any' type.
src/components/ScenarioSimulator.jsx(448,9): error TS7031: Binding element 'Icon' implicitly has an 'any' type.
src/components/ScenarioSimulator.jsx(449,3): error TS7031: Binding element 'iconColor' implicitly has an 'any' type.
src/components/ScenarioSimulator.jsx(450,3): error TS7031: Binding element 'value' implicitly has an 'any' type.
src/components/ScenarioSimulator.jsx(451,3): error TS7031: Binding element 'onChange' implicitly has an 'any' type.
src/components/ScenarioSimulator.jsx(452,3): error TS7031: Binding element 'current' implicitly has an 'any' type.
src/components/ScenarioSimulator.jsx(453,3): error TS7031: Binding element 'unit' implicitly has an 'any' type.
src/components/hotspotGameUtils.js(1,30): error TS7006: Parameter 'arr' implicitly has an 'any' type.
src/components/hotspotGameUtils.js(5,31): error TS7006: Parameter 'points' implicitly has an 'any' type.
src/components/hotspotGameUtils.js(6,25): error TS7006: Parameter 'max' implicitly has an 'any' type.
src/components/hotspotGameUtils.js(6,30): error TS7006: Parameter 'point' implicitly has an 'any' type.
src/core/events.test.js(9,26): error TS7006: Parameter 'payload' implicitly has an 'any' type.
src/hooks/useSWR.js(4,24): error TS7006: Parameter 'key' implicitly has an 'any' type.
src/hooks/useSWR.js(4,29): error TS7006: Parameter 'fetcher' implicitly has an 'any' type.
src/hooks/useSWR.js(58,11): error TS18046: 'err' is of type 'unknown'.
src/hooks/useSWR.js(59,18): error TS2345: Argument of type 'unknown' is not assignable to parameter of type 'SetStateAction<null>'.
src/lib/cache.js(19,11): error TS7006: Parameter 'key' implicitly has an 'any' type.
src/lib/cache.js(23,19): error TS7006: Parameter 'key' implicitly has an 'any' type.
src/lib/cache.js(27,16): error TS7006: Parameter 'key' implicitly has an 'any' type.
src/lib/cache.js(38,5): error TS7006: Parameter 'key' implicitly has an 'any' type.
src/lib/cache.js(39,5): error TS7006: Parameter 'value' implicitly has an 'any' type.
src/lib/cache.js(49,18): error TS7006: Parameter 'key' implicitly has an 'any' type.
src/lib/cache.js(66,7): error TS7006: Parameter 'key' implicitly has an 'any' type.
src/lib/cache.js(97,15): error TS7006: Parameter 'key' implicitly has an 'any' type.
src/lib/cache.js(101,7): error TS7006: Parameter 'key' implicitly has an 'any' type.
src/lib/cache.js(101,12): error TS7006: Parameter 'data' implicitly has an 'any' type.
src/lib/cache.test.js(5,7): error TS7034: Variable 'cache' implicitly has type 'any' in some locations where its type cannot be determined.
src/lib/cache.test.js(21,5): error TS7005: Variable 'cache' implicitly has an 'any' type.
src/lib/cache.test.js(23,12): error TS7005: Variable 'cache' implicitly has an 'any' type.
src/lib/cache.test.js(37,12): error TS7005: Variable 'cache' implicitly has an 'any' type.
src/lib/cache.test.js(40,12): error TS7005: Variable 'cache' implicitly has an 'any' type.
src/lib/cache.test.js(48,5): error TS7005: Variable 'cache' implicitly has an 'any' type.
src/lib/cache.test.js(52,12): error TS7005: Variable 'cache' implicitly has an 'any' type.
src/lib/cache.test.js(66,12): error TS7005: Variable 'cache' implicitly has an 'any' type.
src/lib/cache.test.js(71,12): error TS7005: Variable 'cache' implicitly has an 'any' type.
src/lib/cache.test.js(77,5): error TS7005: Variable 'cache' implicitly has an 'any' type.
src/lib/cache.test.js(79,12): error TS7005: Variable 'cache' implicitly has an 'any' type.
src/lib/cache.test.js(83,12): error TS7005: Variable 'cache' implicitly has an 'any' type.
src/lib/cache.test.js(89,5): error TS7005: Variable 'cache' implicitly has an 'any' type.
src/lib/cache.test.js(91,12): error TS7005: Variable 'cache' implicitly has an 'any' type.
src/lib/cache.test.js(94,7): error TS2345: Argument of type 'string | null' is not assignable to parameter of type 'string'.
  Type 'null' is not assignable to type 'string'.
src/lib/cache.test.js(100,7): error TS2345: Argument of type 'string | null' is not assignable to parameter of type 'string'.
  Type 'null' is not assignable to type 'string'.
src/lib/cache.test.js(107,5): error TS7005: Variable 'cache' implicitly has an 'any' type.
src/lib/cache.test.js(108,5): error TS7005: Variable 'cache' implicitly has an 'any' type.
src/lib/cache.test.js(110,12): error TS7005: Variable 'cache' implicitly has an 'any' type.
src/lib/cache.test.js(112,5): error TS7005: Variable 'cache' implicitly has an 'any' type.
src/lib/cache.test.js(114,12): error TS7005: Variable 'cache' implicitly has an 'any' type.
src/lib/cache.test.js(127,18): error TS7005: Variable 'cache' implicitly has an 'any' type.
src/lib/cache.test.js(128,12): error TS7005: Variable 'cache' implicitly has an 'any' type.
src/lib/cache.test.js(137,7): error TS7005: Variable 'cache' implicitly has an 'any' type.
src/lib/cache.test.js(142,5): error TS7005: Variable 'cache' implicitly has an 'any' type.
src/lib/cache.test.js(148,18): error TS7005: Variable 'cache' implicitly has an 'any' type.
src/lib/cache.test.js(154,18): error TS7005: Variable 'cache' implicitly has an 'any' type.
src/lib/cache.test.js(155,12): error TS7005: Variable 'cache' implicitly has an 'any' type.
src/lib/cache.test.js(164,18): error TS7005: Variable 'cache' implicitly has an 'any' type.
src/lib/cache.test.js(165,12): error TS7005: Variable 'cache' implicitly has an 'any' type.
src/main.jsx(4,8): error TS2882: Cannot find module or type declarations for side-effect import of './styles.css'.
src/main.jsx(5,8): error TS2882: Cannot find module or type declarations for side-effect import of 'leaflet/dist/leaflet.css'.
src/main.jsx(7,21): error TS2345: Argument of type 'HTMLElement | null' is not assignable to parameter of type 'Container'.
  Type 'null' is not assignable to type 'Container'.
src/services/airQualityService.js(5,23): error TS2307: Cannot find module '../workers/apiWorker?worker' or its corresponding type declarations.
src/services/airQualityService.js(15,30): error TS7006: Parameter 'times' implicitly has an 'any' type.
src/services/airQualityService.js(20,38): error TS7006: Parameter 'isoTime' implicitly has an 'any' type.
src/services/airQualityService.js(30,28): error TS7006: Parameter 'value' implicitly has an 'any' type.
src/services/airQualityService.js(39,35): error TS7006: Parameter 'value' implicitly has an 'any' type.
src/services/airQualityService.js(39,42): error TS7006: Parameter 'limit' implicitly has an 'any' type.
src/services/airQualityService.js(63,23): error TS7006: Parameter 'lat' implicitly has an 'any' type.
src/services/airQualityService.js(63,28): error TS7006: Parameter 'lon' implicitly has an 'any' type.
src/services/airQualityService.js(71,34): error TS7006: Parameter 'lat' implicitly has an 'any' type.
src/services/airQualityService.js(71,39): error TS7006: Parameter 'lon' implicitly has an 'any' type.
src/services/airQualityService.js(71,44): error TS7006: Parameter 'signal' implicitly has an 'any' type.
src/services/airQualityService.js(87,38): error TS7006: Parameter 'lat' implicitly has an 'any' type.
src/services/airQualityService.js(87,43): error TS7006: Parameter 'lon' implicitly has an 'any' type.
src/services/airQualityService.js(87,58): error TS7006: Parameter 'signal' implicitly has an 'any' type.
src/services/airQualityService.js(108,19): error TS7053: Element implicitly has an 'any' type because expression of type '`${number},${number}`' can't be used to index type '{ '-1,1': string; '0,1': string; '1,1': string; '-1,0': string; '1,0': string; '-1,-1': string; '0,-1': string; '1,-1': string; }'.
src/services/airQualityService.js(122,28): error TS7006: Parameter 'hourly' implicitly has an 'any' type.
src/services/airQualityService.js(122,36): error TS7006: Parameter 'times' implicitly has an 'any' type.
src/services/airQualityService.js(127,47): error TS7006: Parameter 'v' implicitly has an 'any' type.
src/services/airQualityService.js(139,47): error TS7006: Parameter 'lat' implicitly has an 'any' type.
src/services/airQualityService.js(139,52): error TS7006: Parameter 'lon' implicitly has an 'any' type.
src/services/airQualityService.js(139,57): error TS7006: Parameter 'signal' implicitly has an 'any' type.
src/services/airQualityService.js(174,28): error TS7006: Parameter 'workerUrl' implicitly has an 'any' type.
src/services/airQualityService.js(174,39): error TS7006: Parameter 'workerSignal' implicitly has an 'any' type.
src/services/airQualityService.js(185,27): error TS7006: Parameter 'e' implicitly has an 'any' type.
src/services/airQualityService.js(197,25): error TS7006: Parameter 'err' implicitly has an 'any' type.
src/services/airQualityService.js(233,11): error TS18046: 'err' is of type 'unknown'.
src/services/airQualityService.js(242,15): error TS2810: Expected 1 argument, but got 0. 'new Promise()' needs a JSDoc hint to produce a 'resolve' that can be called without arguments.
src/services/airQualityService.js(260,15): error TS18046: 'waitErr' is of type 'unknown'.
src/services/airQualityService.js(297,11): error TS7006: Parameter 'time' implicitly has an 'any' type.
src/services/airQualityService.js(297,17): error TS7006: Parameter 'i' implicitly has an 'any' type.
src/services/airQualityService.js(319,37): error TS7006: Parameter 'lat' implicitly has an 'any' type.
src/services/airQualityService.js(319,42): error TS7006: Parameter 'lon' implicitly has an 'any' type.
src/services/airQualityService.js(319,47): error TS7006: Parameter 'signal' implicitly has an 'any' type.
src/services/airQualityService.js(331,9): error TS18046: 'err' is of type 'unknown'.
src/services/airQualityService.js(336,44): error TS7006: Parameter 'signal' implicitly has an 'any' type.
src/services/airQualityService.js(350,13): error TS18046: 'error' is of type 'unknown'.
src/services/airQualityService.js(364,47): error TS7006: Parameter 'trend' implicitly has an 'any' type.
src/services/airQualityService.js(365,36): error TS7006: Parameter 'acc' implicitly has an 'any' type.
src/services/airQualityService.js(365,41): error TS7006: Parameter 'item' implicitly has an 'any' type.
src/services/airQualityService.js(376,38): error TS7006: Parameter 'trend' implicitly has an 'any' type.
src/services/airQualityService.js(376,45): error TS7006: Parameter 'currentAQI' implicitly has an 'any' type.
src/services/airQualityService.js(431,24): error TS7006: Parameter 'concentration' implicitly has an 'any' type.
src/services/airQualityService.js(431,39): error TS7006: Parameter 'breakpoints' implicitly has an 'any' type.
src/services/airQualityService.js(486,29): error TS7006: Parameter 'pm25' implicitly has an 'any' type.
src/services/airQualityService.js(486,35): error TS7006: Parameter 'pm10' implicitly has an 'any' type.
src/services/airQualityService.js(486,41): error TS7006: Parameter 'no2' implicitly has an 'any' type.
src/services/airQualityService.js(486,46): error TS7006: Parameter 'o3' implicitly has an 'any' type.
src/services/airQualityService.js(486,50): error TS7006: Parameter 'co' implicitly has an 'any' type.
src/services/geocodingService.js(3,39): error TS7006: Parameter 'query' implicitly has an 'any' type.
src/services/geocodingService.js(17,30): error TS7006: Parameter 'result' implicitly has an 'any' type.
src/services/historicalDataService.js(10,18): error TS18047: 'event.target' is possibly 'null'.
src/services/historicalDataService.js(10,31): error TS2339: Property 'result' does not exist on type 'EventTarget'.
src/services/historicalDataService.js(21,37): error TS7006: Parameter 'id' implicitly has an 'any' type.
src/services/historicalDataService.js(33,37): error TS7006: Parameter 'id' implicitly has an 'any' type.
src/services/historicalDataService.js(33,41): error TS7006: Parameter 'data' implicitly has an 'any' type.
src/services/historicalDataService.js(40,31): error TS2810: Expected 1 argument, but got 0. 'new Promise()' needs a JSDoc hint to produce a 'resolve' that can be called without arguments.
src/services/historicalDataService.js(45,43): error TS7006: Parameter 'lat' implicitly has an 'any' type.
src/services/historicalDataService.js(45,48): error TS7006: Parameter 'lon' implicitly has an 'any' type.
src/services/routePlanner.js(7,32): error TS7006: Parameter 'locationName' implicitly has an 'any' type.
src/services/routePlanner.js(20,36): error TS7006: Parameter 'lon' implicitly has an 'any' type.
src/services/routePlanner.js(20,41): error TS7006: Parameter 'lat' implicitly has an 'any' type.
src/services/routePlanner.js(31,43): error TS7006: Parameter 'originText' implicitly has an 'any' type.
src/services/routePlanner.js(31,55): error TS7006: Parameter 'destinationText' implicitly has an 'any' type.
src/services/routePlanner.js(81,46): error TS2363: The right-hand side of an arithmetic operation must be of type 'any', 'number', 'bigint' or an enum type.
src/tests/cacheStore.test.js(13,1): error TS2593: Cannot find name 'test'. Do you need to install type definitions for a test runner? Try `npm i --save-dev @types/jest` or `npm i --save-dev @types/mocha` and then add 'jest' or 'mocha' to the types field in your tsconfig.
src/tests/cacheStore.test.js(14,3): error TS2304: Cannot find name 'expect'.
src/tests/cacheStore.test.js(16,1): error TS2593: Cannot find name 'test'. Do you need to install type definitions for a test runner? Try `npm i --save-dev @types/jest` or `npm i --save-dev @types/mocha` and then add 'jest' or 'mocha' to the types field in your tsconfig.
src/tests/cacheStore.test.js(19,3): error TS2304: Cannot find name 'expect'.
src/tests/cacheStore.test.js(21,1): error TS2593: Cannot find name 'test'. Do you need to install type definitions for a test runner? Try `npm i --save-dev @types/jest` or `npm i --save-dev @types/mocha` and then add 'jest' or 'mocha' to the types field in your tsconfig.
src/tests/cacheStore.test.js(26,3): error TS2304: Cannot find name 'expect'.
src/tests/cacheStore.test.js(28,1): error TS2593: Cannot find name 'test'. Do you need to install type definitions for a test runner? Try `npm i --save-dev @types/jest` or `npm i --save-dev @types/mocha` and then add 'jest' or 'mocha' to the types field in your tsconfig.
src/tests/cacheStore.test.js(31,3): error TS2304: Cannot find name 'expect'.
src/tests/cacheStore.test.js(33,1): error TS2593: Cannot find name 'test'. Do you need to install type definitions for a test runner? Try `npm i --save-dev @types/jest` or `npm i --save-dev @types/mocha` and then add 'jest' or 'mocha' to the types field in your tsconfig.
src/tests/cacheStore.test.js(38,3): error TS2304: Cannot find name 'expect'.
src/tests/cacheStore.test.js(40,1): error TS2593: Cannot find name 'test'. Do you need to install type definitions for a test runner? Try `npm i --save-dev @types/jest` or `npm i --save-dev @types/mocha` and then add 'jest' or 'mocha' to the types field in your tsconfig.
src/tests/cacheStore.test.js(46,3): error TS2304: Cannot find name 'expect'.
src/tests/cacheStore.test.js(47,3): error TS2304: Cannot find name 'expect'.
src/tests/cacheStore.test.js(49,1): error TS2593: Cannot find name 'test'. Do you need to install type definitions for a test runner? Try `npm i --save-dev @types/jest` or `npm i --save-dev @types/mocha` and then add 'jest' or 'mocha' to the types field in your tsconfig.
src/tests/cacheStore.test.js(52,3): error TS2304: Cannot find name 'expect'.
src/tests/cacheStore.test.js(54,1): error TS2593: Cannot find name 'test'. Do you need to install type definitions for a test runner? Try `npm i --save-dev @types/jest` or `npm i --save-dev @types/mocha` and then add 'jest' or 'mocha' to the types field in your tsconfig.
src/tests/cacheStore.test.js(59,3): error TS2304: Cannot find name 'expect'.
src/tests/cacheStore.test.js(63,1): error TS2593: Cannot find name 'test'. Do you need to install type definitions for a test runner? Try `npm i --save-dev @types/jest` or `npm i --save-dev @types/mocha` and then add 'jest' or 'mocha' to the types field in your tsconfig.
src/tests/cacheStore.test.js(64,3): error TS2304: Cannot find name 'expect'.
src/tests/cacheStore.test.js(66,1): error TS2593: Cannot find name 'test'. Do you need to install type definitions for a test runner? Try `npm i --save-dev @types/jest` or `npm i --save-dev @types/mocha` and then add 'jest' or 'mocha' to the types field in your tsconfig.
src/tests/cacheStore.test.js(74,3): error TS2304: Cannot find name 'expect'.
src/tests/cacheStore.test.js(75,3): error TS2304: Cannot find name 'expect'.
src/tests/cacheStore.test.js(77,1): error TS2593: Cannot find name 'test'. Do you need to install type definitions for a test runner? Try `npm i --save-dev @types/jest` or `npm i --save-dev @types/mocha` and then add 'jest' or 'mocha' to the types field in your tsconfig.
src/tests/cacheStore.test.js(80,3): error TS2304: Cannot find name 'expect'.
src/utils/cacheStore.js(5,5): error TS7034: Variable 'db' implicitly has type 'any' in some locations where its type cannot be determined.
src/utils/cacheStore.js(9,9): error TS7005: Variable 'db' implicitly has an 'any' type.
src/utils/cacheStore.js(14,24): error TS18047: 'event.target' is possibly 'null'.
src/utils/cacheStore.js(14,37): error TS2339: Property 'result' does not exist on type 'EventTarget'.
src/utils/cacheStore.js(26,12): error TS18047: 'event.target' is possibly 'null'.
src/utils/cacheStore.js(26,25): error TS2339: Property 'result' does not exist on type 'EventTarget'.
src/utils/cacheStore.js(40,38): error TS7006: Parameter 'mode' implicitly has an 'any' type.
src/utils/cacheStore.js(40,44): error TS7006: Parameter 'operation' implicitly has an 'any' type.
src/utils/cacheStore.js(63,26): error TS7006: Parameter 'event' implicitly has an 'any' type.
src/utils/cacheStore.js(76,17): error TS7006: Parameter 'key' implicitly has an 'any' type.
src/utils/cacheStore.js(80,23): error TS7006: Parameter 'key' implicitly has an 'any' type.
src/utils/cacheStore.js(88,10): error TS7006: Parameter 'store' implicitly has an 'any' type.
src/utils/cacheStore.js(110,23): error TS7006: Parameter 'key' implicitly has an 'any' type.
src/utils/cacheStore.js(110,28): error TS7006: Parameter 'data' implicitly has an 'any' type.
src/utils/cacheStore.js(124,10): error TS7006: Parameter 'store' implicitly has an 'any' type.
src/utils/cacheStore.js(131,20): error TS7006: Parameter 'key' implicitly has an 'any' type.
src/utils/cacheStore.js(138,12): error TS7006: Parameter 'store' implicitly has an 'any' type.
src/utils/cacheStore.js(149,12): error TS7006: Parameter 'store' implicitly has an 'any' type.
src/utils/cacheStore.js(157,17): error TS7006: Parameter 'key' implicitly has an 'any' type.
src/utils/cacheStore.js(157,22): error TS7006: Parameter 'ttl' implicitly has an 'any' type.
src/utils/cacheStore.js(165,21): error TS7006: Parameter 'key' implicitly has an 'any' type.
src/utils/cacheStore.js(165,26): error TS7006: Parameter 'fetcher' implicitly has an 'any' type.
src/utils/logger.js(7,22): error TS7006: Parameter 'level' implicitly has an 'any' type.
src/utils/logger.js(7,29): error TS7006: Parameter 'message' implicitly has an 'any' type.
src/utils/logger.js(9,12): error TS7053: Element implicitly has an 'any' type because expression of type 'any' can't be used to index type '{ warn: string; error: string; info: string; }'.
src/utils/logger.js(18,8): error TS7006: Parameter 'message' implicitly has an 'any' type.
src/utils/logger.js(22,9): error TS7006: Parameter 'message' implicitly has an 'any' type.
src/utils/logger.js(26,8): error TS7006: Parameter 'message' implicitly has an 'any' type.
src/workers/apiWorker.js(9,47): error TS18046: 'error' is of type 'unknown'.
src/workers/historicalDataWorker.js(33,9): error TS7034: Variable 'processedDays' implicitly has type 'any[]' in some locations where its type cannot be determined.
src/workers/historicalDataWorker.js(50,3): error TS7005: Variable 'processedDays' implicitly has an 'any[]' type.
src/workers/historicalDataWorker.js(52,10): error TS7053: Element implicitly has an 'any' type because expression of type 'any' can't be used to index type '{}'.
src/workers/historicalDataWorker.js(52,34): error TS7053: Element implicitly has an 'any' type because expression of type 'any' can't be used to index type '{}'.
src/workers/historicalDataWorker.js(53,5): error TS7053: Element implicitly has an 'any' type because expression of type 'any' can't be used to index type '{}'.
src/workers/historicalDataWorker.js(54,5): error TS7053: Element implicitly has an 'any' type because expression of type 'any' can't be used to index type '{}'.
src/workers/historicalDataWorker.js(55,22): error TS7053: Element implicitly has an 'any' type because expression of type 'any' can't be used to index type '{}'.
src/workers/historicalDataWorker.js(55,50): error TS7053: Element implicitly has an 'any' type because expression of type 'any' can't be used to index type '{}'.
src/workers/historicalDataWorker.js(60,24): error TS7053: Element implicitly has an 'any' type because expression of type 'string' can't be used to index type '{}'.
  No index signature with a parameter of type 'string' was found on type '{}'.
src/workers/historicalDataWorker.js(60,53): error TS7053: Element implicitly has an 'any' type because expression of type 'string' can't be used to index type '{}'.
  No index signature with a parameter of type 'string' was found on type '{}'.
src/workers/historicalDataWorker.js(61,24): error TS7053: Element implicitly has an 'any' type because expression of type 'string' can't be used to index type '{}'.
  No index signature with a parameter of type 'string' was found on type '{}'.
src/workers/historicalDataWorker.js(67,12): error TS7005: Variable 'processedDays' implicitly has an 'any[]' type.
